// Jest Snapshot v1, https://goo.gl/fbAQLP

exports[`should render EditRecipePage correctly 1`] = `
<div>
  <div
    className="page-header"
  >
    <div
      className="content-container"
    >
      <h1
        className="page-header__title"
      >
        Edit Recipe
      </h1>
    </div>
  </div>
  <div
    className="content-container"
  >
    <RecipeForm
      onSubmit={[Function]}
      recipe={
        Object {
          "createdAt": -345600000,
          "description": "RENT",
          "id": "2",
          "note": "",
          "title": "Ricetta in selector test",
        }
      }
    />
    <button
      className="button button--secondary"
      onClick={[Function]}
    >
      Remove Recipe
    </button>
  </div>
</div>
`;
